[www.plazavea.com.pe/index.html]
[backblue.gif]
[fade.gif]
[index.html]
[plazavea.vteximg.com.br/arquivos/icon-pwa-512x5123fad.png]
[plazavea.vteximg.com.br/arquivos/pvfood-256x256191d.png]
[www.plazavea.com.pe/files/manifest--pwa.json]
[www.plazavea.com.pe/checkout/index.html]
[io.vtex.com.br/front-libs/jquery/1.8.3/jquery-1.8.3.mina44e.js]
[plazavea.vteximg.com.br/scripts/swfobjecta44e.js]
[www.plazavea.com.pe/S/index.html]
[plazavea.vteximg.com.br/scripts/vtex.commona44e.js]
[vtex.vtexassets.com/_v/public/assets/v1/npm/@vtex/render-extension-loader@0.1.6/lib/render-extension-loadera44e.js]
[io.vtex.com.br/rc/rca44e.js]
[plazavea.vteximg.com.br/scripts/vtex.tagmanager.helpera44e.js]
[io.vtex.com.br/portal-ui/v1.15.3/scripts/vtex-events-all.mina44e.js]
[io.vtex.com.br/portal-ui/v1.15.3/scripts/vtex-analyticsa44e.js]
[io.vtex.com.br/front-libs/front-i18n/0.7.2/vtex-i18n.mina44e.js]
[io.vtex.com.br/front-libs/front-utils/3.0.8/underscore-extensionsa44e.js]
[plazavea.vteximg.com.br/scripts/currency-format.mina44e.js]
[io.vtex.com.br/front-libs/dustjs-linkedin/2.3.5/dust-core-2.3.5.mina44e.js]
[io.vtex.com.br/vtex.js/v2.13.0/vtex.mina44e.js]
[io.vtex.com.br/vtex-id-ui/3.26.0/vtexid-jquery.mina44e.js]
[plazavea.vteximg.com.br/arquivos/normalize.min963e.css]
[plazavea.vteximg.com.br/arquivos/fonts.min74da.css]
[www.plazavea.com.pe/files/pvaicon.min.css]
[www.plazavea.com.pe/files/header.min.css]
[www.plazavea.com.pe/files/homepage.min.css]
[www.plazavea.com.pe/files/config--pwa.js]
[www.plazavea.com.pe/files/highlights--pwa.js]
[www.plazavea.com.pe/files/homepage.min.js]
[www.plazavea.com.pe/supermercado.html]
[www.plazavea.com.pe/electrohogar.html]
[www.plazavea.com.pe/utiles-escolares.html]
[www.plazavea.com.pe/busca/indexe43e.html]
[www.plazavea.com.pe/packs.html]
[www.plazavea.com.pe/busca/index1781.html]
[www.plazavea.com.pe/tiendas-oficiales.html]
[www.plazavea.com.pe/mercado-saludable.html]
[www.plazavea.com.pe/peru-pasion.html]
[www.plazavea.com.pe/tarjeta-oh-electrohogar.html]
[www.plazavea.com.pe/tarjeta-oh-supermercado.html]
[www.plazavea.com.pe/listas.html]
[plazavea.vteximg.com.br/arquivos/Abajo_casual_labio_Suelto_sin_sombr-262f4.png]
[www.plazavea.com.pe/politicas-de-cambios-y-devoluciones.html]
[plazavea.vteximg.com.br/arquivos/bannerdefult_Dcd88.png]
[www.plazavea.com.pe/files/service-worker-registration--pwa.js]
[plazavea.vteximg.com.br/arquivos/SEO_addnolinktofollow9191.js]
[plazavea.vteximg.com.br/scripts/tracka44e.js]
[plazavea.vteximg.com.br/scripts/thickboxa44e.js]
[plazavea.vteximg.com.br/scripts/json2a44e.js]
[plazavea.vteximg.com.br/scripts/vtex.viewpart.callcenterdisclaimera44e.js]
[www.plazavea.com.pe/index.html]
[plazavea.vteximg.com.br/scripts/social/vtex-view-parta44e.js]
[io2.vtex.com/front-libs/bootstrap/2.3.2/css/bootstrap.min.css]
[io2.vtex.com/front-libs/bootstrap/2.3.2/css/bootstrap-responsive.min.css]
[io2.vtex.com/front-libs/onda/1.0.0/onda.min.css]
[io2.vtex.com/front-libs/font-awesome/3.2.1/css/font-awesome.min.css]
[io2.vtex.com/checkout-ui/v6.70.6/lib/front-messages-ui/vtex-message.min.css]
[io2.vtex.com/checkout-ui/v6.70.6/style/style.css]
[plazavea.vteximg.com.br/arquivos/checkout-customdfd0.css]
[www.plazavea.com.pe/files/checkout6-custom4088.css]
[vtex.vtexassets.com/_v/public/assets/v1/npm/@vtex/render-extension-loader@0.2.2/lib/render-extension-loader.min.js]
[io2.vtex.com/front-libs/bootstrap/2.3.2/js/bootstrap.min.js]
[io2.vtex.com/v3/polyfill.min912e.js]
[io2.vtex.com/checkout-ui/v6.70.6/script/init.js]
[io2.vtex.com/front-libs/jquery/1.8.3/jquery-1.8.3.min0698.js]
[vtex.vtexassets.com/_v/public/assets/v1/npm/@vtex/diagnostics-web@0.3.0/dist/vtex-diagnostics-web.umd.min.js]
[www.plazavea.com.pe/checkout/index.html]
[www.plazavea.com.pe/checkout/cart/add.html]
[www.plazavea.com.pe/S/index.html]
[plazavea.vteximg.com.br/scripts/swfobjecta44e.js]
[plazavea.vteximg.com.br/scripts/vtex.ajax.waita44e.js]
[plazavea.vteximg.com.br/scripts/vtex.commona44e.js]
[plazavea.vteximg.com.br/arquivos/normalize.min963e.css]
[plazavea.vteximg.com.br/arquivos/fonts.min74da.css]
[www.plazavea.com.pe/files/pvaicon.min.css]
[www.plazavea.com.pe/files/header.min.css]
[www.plazavea.com.pe/files/homepage.min.css]
[www.googletagmanager.com/gtm5445.html]
[www.plazavea.com.pe/supermercado.html]
[www.plazavea.com.pe/electrohogar.html]
[www.plazavea.com.pe/busca/indexe43e.html]
[www.plazavea.com.pe/utiles-escolares.html]
[io.vtex.com.br/rc/rc.html]
[www.plazavea.com.pe/busca/index1781.html]
[www.plazavea.com.pe/busca/index4721.html]
[www.plazavea.com.pe/packs.html]
[www.plazavea.com.pe/tiendas-oficiales.html]
[www.plazavea.com.pe/mercado-saludable.html]
[www.plazavea.com.pe/peru-pasion.html]
[www.plazavea.com.pe/tarjeta-oh-electrohogar.html]
[www.plazavea.com.pe/tarjeta-oh-supermercado.html]
[www.plazavea.com.pe/listas.html]
[www.plazavea.com.pe/politicas-de-cambios-y-devoluciones.html]
[plazavea.vteximg.com.br/scripts/json2a44e.js]
[plazavea.vteximg.com.br/scripts/vtex.viewpart.callcenterdisclaimera44e.js]
[plazavea.vteximg.com.br/scripts/vtex.viewpart.ajaxloader_v2a44e.js]
[plazavea.vteximg.com.br/scripts/social/vtex-view-parta44e.js]
[plazavea.vteximg.com.br/arquivos/plazavea-apple-touch-icon.json]
[io2.vtex.com/front-libs/bootstrap/2.3.2/css/bootstrap.min.css]
[io2.vtex.com/front-libs/bootstrap/2.3.2/css/bootstrap-responsive.min.css]
[io2.vtex.com/front-libs/onda/1.0.0/onda.min.css]
[io2.vtex.com/front-libs/font-awesome/3.2.1/css/font-awesome.min.css]
[io2.vtex.com/checkout-ui/v6.70.6/lib/front-messages-ui/vtex-message.min.css]
[io2.vtex.com/checkout-ui/v6.70.6/style/style.css]
[plazavea.vteximg.com.br/arquivos/checkout-customdfd0.css]
[www.plazavea.com.pe/files/checkout6-custom4088.css]
